
▶️ [DEBUG] - Questão 9 - Importância vs. Opinião
                   
                    Excelente Indiferente Insatisfatório Péssimo Satisfatório
  Educação                245        2435            962     867          543
  Infraestrutura          525         458             55      12          400
  Saúde pública             1          91            157    1250            4
  Segurança pública         0         366            402     871           16

▶️ [DEBUG] - Questão 10 - Ocupação vs. Área considerada mais importante
                      
                       Educação Infraestrutura Saúde pública Segurança pública
  Aposentado                561            335            20                71
  Assalariado/Autônomo     2884            468           689               950
  Desempregado              252            286             2                22
  Empresário                185             12           383               203
  Funcionário público       759            324            55               127
  Profissional liberal      411             25           354               282

▶️ [DEBUG] - Questão 11 - Ocupação vs. Opinião sobre o serviço público
                      
                       Excelente Indiferente Insatisfatório Péssimo
  Aposentado                 216         445             62      24
  Assalariado/Autônomo       125        1980           1063    1500
  Desempregado               277         129             15       2
  Empresário                   0          47             73     663
  Funcionário público        152         609            164      87
  Profissional liberal         1         140            199     724
                      
                       Satisfatório
  Aposentado                    240
  Assalariado/Autônomo          323
  Desempregado                  139
  Empresário                      0
  Funcionário público           253
  Profissional liberal            8

	Pearson's Chi-squared test

data:  tab_ocup_opiniao
X-squared = 5061.7, df = 20, p-value < 2.2e-16


▶️ [DEBUG] - Questão 12 - Área considerada mais importante por Região
            
             Educação Infraestrutura Saúde pública Segurança pública
  Aquitânia       259              2           869               398
  Catamarca      1107             31           470               692
  Dalmácia       2524            674            76               328
  Nortúmbria      455            689             1                 5
  Querétaro       707             54            87               232

▶️ [DEBUG] - Questão 13 - Renda vs. Opinião
              
               Excelente Indiferente Insatisfatório Péssimo Satisfatório
  Até 1.5 SM         701         402             10       0          561
  1.6 a 3 SM          68        2738            968     433          398
  3.1 a 6 SM           0         199            587    1972            1
  Mais de 6 SM         2          11             11     595            3

	Pearson's Chi-squared test

data:  tab_renda_opiniao
X-squared = 9793, df = 12, p-value < 2.2e-16


▶️ [DEBUG] - Questão 14 - Idade vs. Opinião
        
         Excelente Indiferente Insatisfatório Péssimo Satisfatório
  Até 25       691         765             46       4          630
  26-40         73        2465           1263    1141          323
  41-60          0         100            252    1811            3
  60+            7          20             15      44            7

	Pearson's Chi-squared test

data:  tab_idade_opiniao
X-squared = 7168.4, df = 12, p-value < 2.2e-16

