
▶️ Análise da variável: Região
      Região    n
1   Dalmácia 3602
2  Catamarca 2300
3  Aquitânia 1528
4 Nortúmbria 1150
5  Querétaro 1080

▶️ Análise da variável: Área
               Área    n
1          Educação 5052
2 Segurança pública 1655
3     Saúde pública 1503
4    Infraestrutura 1450

▶️ Análise da variável: Ocupação
              Ocupação    n
1 Assalariado/Autônomo 4991
2  Funcionário público 1265
3 Profissional liberal 1072
4           Aposentado  987
5           Empresário  783
6         Desempregado  562

Percentual de desempregados: 5.82 %

▶️ Análise da variável: Opinião
         Opinião    n
1    Indiferente 3350
2        Péssimo 3000
3 Insatisfatório 1576
4   Satisfatório  963
5      Excelente  771

▶️ Análise da variável: Renda
   Min. 1st Qu.  Median    Mean 3rd Qu.    Max. 
  1.000   1.690   2.420   2.954   3.630  32.040 

Percentual com renda abaixo de 3 salários mínimos: 64.76 %

▶️ Análise da variável: Idade
   Min. 1st Qu.  Median    Mean 3rd Qu.    Max. 
  18.00   26.00   33.00   33.58   40.00   80.00 

Percentual de eleitores com até 25 anos: 22.11 %
